
[Test - 1]
{"src":"n0","dest":"c0","body":{"in_reply_to":2,"type":"topology_ok"}}
---

[Test - 2]
{"src":"n0","dest":"c0","body":{"in_reply_to":3,"type":"broadcast_ok"}}
---

[Test - 3]
{"src":"n0","dest":"n1","body":{"message":1,"msg_id":1,"type":"broadcast"}}
---

[Test - 4]
{"src":"n0","dest":"n3","body":{"message":1,"msg_id":2,"type":"broadcast"}}
---

[Test - 5]
{"src":"n0","dest":"c0","body":{"in_reply_to":4,"messages":[1],"type":"read_ok"}}
---
