
[TestSingle - 1]
{"src":"n0","dest":"c0","body":{"in_reply_to":2,"type":"topology_ok"}}
---

[TestSingle - 2]
{"src":"n0","dest":"c0","body":{"in_reply_to":2,"type":"broadcast_ok"}}
---

[TestSingle - 3]
{"src":"n0","dest":"c0","body":{"in_reply_to":2,"messages":[1],"type":"read_ok"}}
---

[TestMulti - 1]
{"src":"n0","dest":"c0","body":{"in_reply_to":2,"type":"topology_ok"}}
---

[TestMulti - 2]
{"src":"n0","dest":"c0","body":{"in_reply_to":3,"type":"broadcast_ok"}}
---

[TestMulti - 3]
{"src":"n0","dest":"n3","body":{"message":1,"msg_id":1,"type":"broadcast"}}
---

[TestMulti - 4]
{"src":"n0","dest":"n1","body":{"message":1,"msg_id":2,"type":"broadcast"}}
---

[TestMulti - 5]
{"src":"n0","dest":"c0","body":{"in_reply_to":4,"messages":[1],"type":"read_ok"}}
---
